
NO_OF_EVENTS_PLANNED                                                            
--------------------                                                            
                   2                                                            


TOTAL_REVENUE                                                                   
-------------                                                                   
     367780.8                                                                   


  EVENT_ID                                                                      
----------                                                                      
EVENT_NAME                                                                      
--------------------------------------------------------------------------------
REVENUE_PER_EVENT                                                               
-----------------                                                               
         1                                                                      
CINDY BIRTHDAY                                                                  
         134221.4                                                               
                                                                                
         4                                                                      
PARKER BIRTHDAY                                                                 
         233559.4                                                               

  EVENT_ID                                                                      
----------                                                                      
EVENT_NAME                                                                      
--------------------------------------------------------------------------------
REVENUE_PER_EVENT                                                               
-----------------                                                               
                                                                                


TOTAL_OPERATION_COST                                                            
--------------------                                                            
              222.26                                                            


Commit complete.

