
MOSTPOPULAR                                                                     
--------------------------------------------------------------------------------
     COUNT                                                                      
----------                                                                      
TIMESQUARE                                                                      
         3                                                                      
                                                                                


LEASTPOPULAR                                                                    
--------------------------------------------------------------------------------
     COUNT                                                                      
----------                                                                      
PAULS PALACE                                                                    
         1                                                                      
                                                                                


Commit complete.

