
TOTAL_ANNUAL_EXPENSE       YEAR                                                 
-------------------- ----------                                                 
             1638.62       2016                                                 


MONTH            RENT LICENCE_COST INSURANCE_COST MAINTENANCE_COST              
---------- ---------- ------------ -------------- ----------------              
ADVERTISEMENT_COST MISCELLANEOUS_COST TOTAL_COST                                
------------------ ------------------ ----------                                
JAN            142.32       142.32          27.24            132.4              
               121                 71     636.28                                
                                                                                
FEB             61.11       118.14           12.4            127.4              
               236                 42     597.05                                
                                                                                
MAR             54.22         17.1          14.57            200.4              
                84                 35     405.29                                
                                                                                


Commit complete.

