
CLIENT_NAME                                                                     
--------------------                                                            
EVENT_NAME                                                                      
--------------------------------------------------------------------------------
LOCATION                                                                        
--------------------------------------------------------------------------------
CITY                 EVENT_DAT                                                  
-------------------- ---------                                                  
SKYLAR                                                                          
GELLER ANIV                                                                     
TIMESQUARE                                                                      
NYC                  25-DEC-16                                                  
                                                                                

CLIENT_NAME                                                                     
--------------------                                                            
EVENT_NAME                                                                      
--------------------------------------------------------------------------------
LOCATION                                                                        
--------------------------------------------------------------------------------
CITY                 EVENT_DAT                                                  
-------------------- ---------                                                  
BRYAN                                                                           
BATCH 16                                                                        
TIMESQUARE                                                                      
NYC                  01-JAN-17                                                  
                                                                                

CLIENT_NAME                                                                     
--------------------                                                            
EVENT_NAME                                                                      
--------------------------------------------------------------------------------
LOCATION                                                                        
--------------------------------------------------------------------------------
CITY                 EVENT_DAT                                                  
-------------------- ---------                                                  
DAVIS                                                                           
ROSS ANNIVERSARY                                                                
PAULS PALACE                                                                    
NYC                  25-DEC-16                                                  
                                                                                

CLIENT_NAME                                                                     
--------------------                                                            
EVENT_NAME                                                                      
--------------------------------------------------------------------------------
LOCATION                                                                        
--------------------------------------------------------------------------------
CITY                 EVENT_DAT                                                  
-------------------- ---------                                                  
CINDY                                                                           
CINDY BIRTHDAY                                                                  
COYBOY FAN CLUB                                                                 
DALLAS               12-DEC-16                                                  
                                                                                

CLIENT_NAME                                                                     
--------------------                                                            
EVENT_NAME                                                                      
--------------------------------------------------------------------------------
LOCATION                                                                        
--------------------------------------------------------------------------------
CITY                 EVENT_DAT                                                  
-------------------- ---------                                                  
CINDY                                                                           
JOHN AND JANE                                                                   
FRANCIS CHURCH                                                                  
SAN FRANCISCO        12-DEC-16                                                  
                                                                                

CLIENT_NAME                                                                     
--------------------                                                            
EVENT_NAME                                                                      
--------------------------------------------------------------------------------
LOCATION                                                                        
--------------------------------------------------------------------------------
CITY                 EVENT_DAT                                                  
-------------------- ---------                                                  
CINDY                                                                           
PARKER BIRTHDAY                                                                 
COYBOY FAN CLUB                                                                 
DALLAS               12-DEC-16                                                  
                                                                                

6 rows selected.


Commit complete.

